// Jest Snapshot v1, https://goo.gl/fbAQLP

exports[`<Form /> renders correctly 1`] = `
<main>
  <form
    onSubmit={[Function]}
  >
    <input
      name="url"
      onChange={[Function]}
      placeholder="Enter the URL of the API"
      type="text"
    />
    <br />
    <label>
      GET
    </label>
    <input
      name="GET"
      required={true}
      type="radio"
    />
    <label>
      POST
    </label>
    <input
      name="POST"
      type="radio"
    />
    <label>
       PUT
    </label>
    <input
      name="PUT"
      type="radio"
    />
    <label>
      DELETE
    </label>
    <input
      name="DELETE"
      type="radio"
    />
    <button
      type="submit"
    >
      Go!
    </button>
  </form>
</main>
`;
